c:\users\wen\source\repos\ckf3alpha_new\src\metahook\release\disasm.obj
c:\users\wen\source\repos\ckf3alpha_new\src\metahook\release\memdll.obj
c:\users\wen\source\repos\ckf3alpha_new\src\metahook\release\image.obj
c:\users\wen\source\repos\ckf3alpha_new\src\metahook\release\modules.obj
c:\users\wen\source\repos\ckf3alpha_new\src\metahook\release\metahook.obj
c:\users\wen\source\repos\ckf3alpha_new\src\metahook\release\detours.obj
c:\users\wen\source\repos\ckf3alpha_new\src\metahook\release\loadblob.obj
c:\users\wen\source\repos\ckf3alpha_new\src\metahook\release\vc143.pdb
c:\users\wen\source\repos\ckf3alpha_new\src\metahook\release\metahook.dll
c:\users\wen\source\repos\ckf3alpha_new\src\metahook\release\metahook.map
c:\users\wen\source\repos\ckf3alpha_new\src\metahook\release\metahook.pdb
c:\users\wen\source\repos\ckf3alpha_new\src\metahook\release\metahook.lib
c:\users\wen\source\repos\ckf3alpha_new\src\metahook\release\metahook.exp
c:\users\wen\source\repos\ckf3alpha_new\src\metahook\release\metahook.ipdb
c:\users\wen\source\repos\ckf3alpha_new\src\metahook\release\metahook.iobj
c:\users\wen\source\repos\ckf3alpha_new\src\metahook\release\metahook.tlog\cl.10600.write.1.tlog
c:\users\wen\source\repos\ckf3alpha_new\src\metahook\release\metahook.tlog\cl.command.1.tlog
c:\users\wen\source\repos\ckf3alpha_new\src\metahook\release\metahook.tlog\cl.items.tlog
c:\users\wen\source\repos\ckf3alpha_new\src\metahook\release\metahook.tlog\cl.read.1.tlog
c:\users\wen\source\repos\ckf3alpha_new\src\metahook\release\metahook.tlog\link.command.1.tlog
c:\users\wen\source\repos\ckf3alpha_new\src\metahook\release\metahook.tlog\link.read.1.tlog
c:\users\wen\source\repos\ckf3alpha_new\src\metahook\release\metahook.tlog\link.secondary.1.tlog
c:\users\wen\source\repos\ckf3alpha_new\src\metahook\release\metahook.tlog\link.write.1.tlog
